Microchip MPLAB XC8 Compiler V2.41

Linker command line:

-W-3 \
  --edf=C:/Users/Kalin/.mchp_packs/Microchip/PIC18F-Q_DFP/1.21.411/xc8\pic\dat\20230817203607_en.msgs \
  -cn -h+dist/default/production\Rain_Gauge_Team_Code.X.production.sym \
  --cmf=dist/default/production\Rain_Gauge_Team_Code.X.production.cmf -z \
  -Q18F47Q10 -oC:\Users\Kalin\AppData\Local\Temp\xcAs1qo.\driver_tmp_3.o \
  --defsym=__MPLAB_BUILD=1 --fixupoverflow=error \
  -Mdist/default/production/Rain_Gauge_Team_Code.X.production.map \
  --md=C:\Users\Kalin\AppData\Local\Temp\xcAs1qo.\driver_tmp_0.dat -E1 \
  -ver=XC8 Compiler --acfsm=1493 -ACODE=00h-01FFFFh -ACONST=00h-01FFFFh \
  -ASMALLCONST=01000h-010FFhx496 \
  -AMEDIUMCONST=01000h-0FFFFh,011000h-01FFFFh -ACOMRAM=01h-05Fh \
  -AABS1=00h-0CFFh,0E00h-0E1Eh -ABIGRAM=01h-0CFFh,0E00h-0E1Eh \
  -ARAM=060h-0FFh,0100h-01FFhx12,0E00h-0E1Eh -ABANK0=060h-0FFh \
  -ABANK1=0100h-01FFh -ABANK2=0200h-02FFh -ABANK3=0300h-03FFh \
  -ABANK4=0400h-04FFh -ABANK5=0500h-05FFh -ABANK6=0600h-06FFh \
  -ABANK7=0700h-07FFh -ABANK8=0800h-08FFh -ABANK9=0900h-09FFh \
  -ABANK10=0A00h-0AFFh -ABANK11=0B00h-0BFFh -ABANK12=0C00h-0CFFh \
  -ABANK14=0E00h-0E1Eh \
  -ASFR=0D00h-0DFFh,0E1Fh-0EFFh,0F00h-0F5Fh,0F60h-0FFFh \
  -ABIGSFR=0D00h-0DFFh,0E1Fh-0FFFh -ACONFIG=0300000h-030000Bh \
  -AIDLOC=0200000h-02000FFh -AEEDATA=0310000h-03103FFh -peeprom_data=EEDATA \
  -preset_vec=00h,intcode,intcodelo,powerup,init -pramtop=01000h \
  -psmallconst=SMALLCONST -pmediumconst=MEDIUMCONST -pconst=CONST \
  -AFARRAM=00h-00h \
  -prdata=COMRAM,nvrram=COMRAM,nvbit=COMRAM,rbss=COMRAM,rbit=COMRAM \
  -pfarbss=FARRAM,fardata=FARRAM,nvFARRAM=FARRAM \
  -pintsave_regs=BIGRAM,bigbss=BIGRAM,bigdata=BIGRAM -pbss=RAM \
  -pidata=CODE,irdata=CODE,ibigdata=CODE,ifardata=CODE -prparam=COMRAM \
  C:\Users\Kalin\AppData\Local\Temp\xcAs1qo.\driver_tmp_14.o \
  dist/default/production\Rain_Gauge_Team_Code.X.production.o 

Object code version is 3.11

Machine type is 18F47Q10



                Name                               Link     Load   Length Selector   Space Scale
C:\Users\Kalin\AppData\Local\Temp\xcAs1qo.\driver_tmp_14.o
                idloc                            200000   200000      100        0       5
                config                           300000   300000        C        0       4
                init                                  0        0        4        0       0
dist/default/production\Rain_Gauge_Team_Code.X.production.o
                idloc                            200000   200000      100        0       5
                config                           300000   300000        C        0       4
                smallconst                         1000     1000       60      800       0
                text36                             2590     2590       2A      830       0
                text35                             263E     263E       1C      830       0
                text34                             21AE     21AE       B0      830       0
                text33                             2380     2380       50      830       0
                text32                             26F4     26F4        E      830       0
                text31                             26E6     26E6        E      830       0
                text30                             26D8     26D8        E      830       0
                text29                             241C     241C       4A      830       0
                text28                             26CA     26CA        E      830       0
                text27                             26BC     26BC        E      830       0
                text26                             26AE     26AE        E      830       0
                text25                             23D0     23D0       4C      830       0
                text24                             2688     2688       16      830       0
                text23                             265A     265A       18      830       0
                text22                             20FE     20FE       B0      830       0
                text21                             2622     2622       1C      830       0
                text20                             2672     2672       16      830       0
                text19                             25E0     25E0       24      830       0
                text18                             2604     2604       1E      830       0
                text17                             2566     2566       2A      830       0
                text16                             1060     1060      4C0      830       0
                text15                             2466     2466       46      830       0
                text14                             194A     194A      1B4      830       0
                text13                             1F8A     1F8A       C4      830       0
                text12                             204E     204E       B0      830       0
                text11                             24F0     24F0       40      830       0
                text10                             2704     2704        2      830       0
                text9                              1EC0     1EC0       CA      830       0
                text8                              24AC     24AC       44      830       0
                text7                              225E     225E       7A      830       0
                text6                              1AFE     1AFE      194      830       0
                text5                              1C92     1C92      132      830       0
                text4                              232E     232E       52      830       0
                text3                              25BA     25BA       26      830       0
                text2                              1520     1520      42A      830       0
                text1                              2530     2530       36      830       0
                text0                              1DC4     1DC4       FC      830       0
                cstackCOMRAM                          1        1       48        1       1
                dataBANK0                            C8       C8       10       60       1
                bssBANK0                             60       60       56       60       1
                dataCOMRAM                           5D       5D        2        1       1
                bssCOMRAM                            49       49       14        1       1
                cinit                              22D8     22D8       56      830       0
                nvBANK0                              B6       B6       12       60       1
                idataBANK0                         269E     269E       10      830       0
                idataCOMRAM                        2702     2702        2      830       0

TOTAL           Name                               Link     Load   Length     Space
        CLASS   CODE           
                init                                  0        0        4         0
                text36                             2590     2590       2A         0
                text35                             263E     263E       1C         0
                text34                             21AE     21AE       B0         0
                text33                             2380     2380       50         0
                text32                             26F4     26F4        E         0
                text31                             26E6     26E6        E         0
                text30                             26D8     26D8        E         0
                text29                             241C     241C       4A         0
                text28                             26CA     26CA        E         0
                text27                             26BC     26BC        E         0
                text26                             26AE     26AE        E         0
                text25                             23D0     23D0       4C         0
                text24                             2688     2688       16         0
                text23                             265A     265A       18         0
                text22                             20FE     20FE       B0         0
                text21                             2622     2622       1C         0
                text20                             2672     2672       16         0
                text19                             25E0     25E0       24         0
                text18                             2604     2604       1E         0
                text17                             2566     2566       2A         0
                text16                             1060     1060      4C0         0
                text15                             2466     2466       46         0
                text14                             194A     194A      1B4         0
                text13                             1F8A     1F8A       C4         0
                text12                             204E     204E       B0         0
                text11                             24F0     24F0       40         0
                text10                             2704     2704        2         0
                text9                              1EC0     1EC0       CA         0
                text8                              24AC     24AC       44         0
                text7                              225E     225E       7A         0
                text6                              1AFE     1AFE      194         0
                text5                              1C92     1C92      132         0
                text4                              232E     232E       52         0
                text3                              25BA     25BA       26         0
                text2                              1520     1520      42A         0
                text1                              2530     2530       36         0
                text0                              1DC4     1DC4       FC         0
                cinit                              22D8     22D8       56         0
                idataBANK0                         269E     269E       10         0
                idataCOMRAM                        2702     2702        2         0

        CLASS   CONST          

        CLASS   SMALLCONST     
                smallconst                         1000     1000       60         0

        CLASS   MEDIUMCONST    

        CLASS   COMRAM         
                cstackCOMRAM                          1        1       48         1
                dataCOMRAM                           5D       5D        2         1
                bssCOMRAM                            49       49       14         1

        CLASS   ABS1           

        CLASS   BIGRAM         

        CLASS   RAM            

        CLASS   BANK0          
                dataBANK0                            C8       C8       10         1
                bssBANK0                             60       60       56         1
                nvBANK0                              B6       B6       12         1

        CLASS   BANK1          

        CLASS   BANK2          

        CLASS   BANK3          

        CLASS   BANK4          

        CLASS   BANK5          

        CLASS   BANK6          

        CLASS   BANK7          

        CLASS   BANK8          

        CLASS   BANK9          

        CLASS   BANK10         

        CLASS   BANK11         

        CLASS   BANK12         

        CLASS   BANK14         

        CLASS   SFR            

        CLASS   BIGSFR         

        CLASS   CONFIG         
                config                           300000   300000        C         4

        CLASS   IDLOC          
                idloc                            200000   200000      100         5

        CLASS   EEDATA         

        CLASS   FARRAM         

        CLASS   HEAP           

        CLASS   STACK          



SEGMENTS        Name                           Load    Length   Top    Selector   Space  Class

                reset_vec                      000000  000004  000004         0       0  CODE    
                cstackCOMRAM                   000001  00005E  00005F         1       1  COMRAM  
                bssBANK0                       000060  000078  0000D8        60       1  BANK0   
                smallconst                     001000  000060  001060       800       0  SMALLCON
                text16                         001060  0016A6  002706       830       0  CODE    


UNUSED ADDRESS RANGES

        Name                Unused          Largest block    Delta
        BANK0            0000D8-0000FF               28
        BANK1            000100-0001FF              100
        BANK10           000A00-000AFF              100
        BANK11           000B00-000BFF              100
        BANK12           000C00-000CFF              100
        BANK14           000E00-000E1E               1F
        BANK2            000200-0002FF              100
        BANK3            000300-0003FF              100
        BANK4            000400-0004FF              100
        BANK5            000500-0005FF              100
        BANK6            000600-0006FF              100
        BANK7            000700-0007FF              100
        BANK8            000800-0008FF              100
        BANK9            000900-0009FF              100
        BIGRAM           00005F-00005F                1
                         0000D8-000CFF              C28
                         000E00-000E1E               1F
        BIGSFR           000D00-000DFF              100
                         000E1F-000FFF              1E1
        CODE             000004-000FFF              FFC
                         002706-01FFFF            1D8FA
        COMRAM           00005F-00005F                1
        CONST            000004-000FFF              FFC
                         002706-01FFFF            1D8FA
        EEDATA           310000-3103FF              400
        MEDIUMCONST      002706-00FFFF             D8FA
                         011000-01FFFF             F000
        RAM              0000D8-000CFF              100
                         000E00-000E1E               1F
        SFR              000D00-000DFF              100
                         000E1F-000FFF               E1
        SMALLCONST       002706-01FFFF              100

                                  Symbol Table

?___awdiv                                       cstackCOMRAM 000001
?___awmod                                       cstackCOMRAM 000001
?___fladd                                       cstackCOMRAM 000001
?___flmul                                       cstackCOMRAM 000001
?___flsub                                       cstackCOMRAM 000011
?___xxtofl                                      cstackCOMRAM 000001
?_abs                                           cstackCOMRAM 000007
?_printf                                        cstackCOMRAM 00003F
?_vfprintf                                      cstackCOMRAM 000037
EUSART1_SetErrorHandler@interruptHandler        cstackCOMRAM 000001
EUSART1_SetFramingErrorHandler@interruptHandler cstackCOMRAM 000001
EUSART1_SetOverrunErrorHandler@interruptHandler cstackCOMRAM 000001
EUSART2_SetErrorHandler@interruptHandler        cstackCOMRAM 000001
EUSART2_SetFramingErrorHandler@interruptHandler cstackCOMRAM 000001
EUSART2_SetOverrunErrorHandler@interruptHandler cstackCOMRAM 000001
SPI1_ExchangeByte@data                          cstackCOMRAM 000001
SPI1_Open@spi1UniqueConfiguration               cstackCOMRAM 000002
_ADACCH                                         (abs)        000F6C
_ADACCL                                         (abs)        000F6B
_ADACQ                                          (abs)        000F57
_ADACT                                          (abs)        000F51
_ADCAP                                          (abs)        000F58
_ADCC_Initialize                                text33       002380
_ADCLK                                          (abs)        000F52
_ADCNT                                          (abs)        000F62
_ADCON0                                         (abs)        000F5B
_ADCON0bits                                     (abs)        000F5B
_ADCON1                                         (abs)        000F54
_ADCON1bits                                     (abs)        000F54
_ADCON2                                         (abs)        000F55
_ADCON2bits                                     (abs)        000F55
_ADCON3                                         (abs)        000F56
_ADCON3bits                                     (abs)        000F56
_ADERRH                                         (abs)        000F6A
_ADERRL                                         (abs)        000F69
_ADFLTRH                                        (abs)        000F6E
_ADFLTRL                                        (abs)        000F6D
_ADLTHH                                         (abs)        000F66
_ADLTHL                                         (abs)        000F65
_ADPCH                                          (abs)        000F5A
_ADPRE                                          (abs)        000F59
_ADPREVH                                        (abs)        000F5D
_ADPREVL                                        (abs)        000F5C
_ADREF                                          (abs)        000F53
_ADRESH                                         (abs)        000F5F
_ADRESL                                         (abs)        000F5E
_ADRPT                                          (abs)        000F61
_ADSTAT                                         (abs)        000F60
_ADSTATbits                                     (abs)        000F60
_ADSTPTH                                        (abs)        000F64
_ADSTPTL                                        (abs)        000F63
_ADUTHH                                         (abs)        000F68
_ADUTHL                                         (abs)        000F67
_ANSELA                                         (abs)        000F0C
_ANSELB                                         (abs)        000F14
_ANSELC                                         (abs)        000F1C
_ANSELD                                         (abs)        000F21
_ANSELE                                         (abs)        000F29
_BAUD1CON                                       (abs)        000F9E
_BAUD2CON                                       (abs)        000E9A
_CCPTMRSbits                                    (abs)        000FAD
_DESIRED_OUTPUT                                 dataBANK0    0000D4
_EUSART1_DefaultErrorHandler                    (abs)        000000
_EUSART1_DefaultFramingErrorHandler             (abs)        000000
_EUSART1_DefaultOverrunErrorHandler             (abs)        000000
_EUSART1_ErrorHandler                           nvBANK0      0000BF
_EUSART1_FramingErrorHandler                    nvBANK0      0000C5
_EUSART1_Initialize                             text29       00241C
_EUSART1_OverrunErrorHandler                    nvBANK0      0000C2
_EUSART1_SetErrorHandler                        text32       0026F4
_EUSART1_SetFramingErrorHandler                 text31       0026E6
_EUSART1_SetOverrunErrorHandler                 text30       0026D8
_EUSART2_DefaultErrorHandler                    (abs)        000000
_EUSART2_DefaultFramingErrorHandler             (abs)        000000
_EUSART2_DefaultOverrunErrorHandler             (abs)        000000
_EUSART2_ErrorHandler                           nvBANK0      0000B6
_EUSART2_FramingErrorHandler                    nvBANK0      0000BC
_EUSART2_Initialize                             text25       0023D0
_EUSART2_OverrunErrorHandler                    nvBANK0      0000B9
_EUSART2_SetErrorHandler                        text28       0026CA
_EUSART2_SetFramingErrorHandler                 text27       0026BC
_EUSART2_SetOverrunErrorHandler                 text26       0026AE
_EUSART2_is_tx_ready                            text36       002590
_EUSART2_is_tx_ready$1799                       cstackCOMRAM 000001
_I2C2_CallbackReturnReset                       (abs)        000000
_I2C2_CallbackReturnStop                        (abs)        000000
_I2C2_DO_ADDRESS_NACK                           (abs)        000000
_I2C2_DO_IDLE                                   (abs)        000000
_I2C2_DO_RCEN                                   (abs)        000000
_I2C2_DO_RESET                                  (abs)        000000
_I2C2_DO_RX                                     (abs)        000000
_I2C2_DO_RX_ACK                                 (abs)        000000
_I2C2_DO_RX_NACK_RESTART                        (abs)        000000
_I2C2_DO_RX_NACK_STOP                           (abs)        000000
_I2C2_DO_SEND_ADR_READ                          (abs)        000000
_I2C2_DO_SEND_ADR_WRITE                         (abs)        000000
_I2C2_DO_SEND_RESTART                           (abs)        000000
_I2C2_DO_SEND_RESTART_READ                      (abs)        000000
_I2C2_DO_SEND_RESTART_WRITE                     (abs)        000000
_I2C2_DO_SEND_STOP                              (abs)        000000
_I2C2_DO_TX                                     (abs)        000000
_I2C2_DO_TX_EMPTY                               (abs)        000000
_I2C2_Initialize                                text24       002688
_I2C2_Status                                    bssBANK0     000060
_INLVLA                                         (abs)        000F08
_INLVLB                                         (abs)        000F10
_INLVLC                                         (abs)        000F18
_INLVLD                                         (abs)        000F1D
_INLVLE                                         (abs)        000F25
_Kd                                             dataBANK0    0000C8
_Ki                                             dataBANK0    0000CC
_Kp                                             dataBANK0    0000D0
_LATA                                           (abs)        000F82
_LATB                                           (abs)        000F83
_LATC                                           (abs)        000F84
_LATD                                           (abs)        000F85
_LATDbits                                       (abs)        000F85
_LATE                                           (abs)        000F86
_ODCONA                                         (abs)        000F0A
_ODCONB                                         (abs)        000F12
_ODCONC                                         (abs)        000F1A
_ODCOND                                         (abs)        000F1F
_ODCONE                                         (abs)        000F27
_OSCCON1                                        (abs)        000ED3
_OSCCON3                                        (abs)        000ED5
_OSCEN                                          (abs)        000ED7
_OSCFRQ                                         (abs)        000ED9
_OSCILLATOR_Initialize                          text23       00265A
_OSCTUNE                                        (abs)        000ED8
_PIE3bits                                       (abs)        000EC0
_PIN_MANAGER_Initialize                         text22       0020FE
_PIR3bits                                       (abs)        000EC8
_PIR4bits                                       (abs)        000EC9
_PMD0                                           (abs)        000EDC
_PMD1                                           (abs)        000EDD
_PMD2                                           (abs)        000EDE
_PMD3                                           (abs)        000EDF
_PMD4                                           (abs)        000EE0
_PMD5                                           (abs)        000EE1
_PMD_Initialize                                 text21       002622
_PR2                                            (abs)        000FBB
_PWM3CON                                        (abs)        000FA4
_PWM3DCH                                        (abs)        000FA3
_PWM3DCL                                        (abs)        000FA2
_PWM3_Initialize                                text20       002672
_RB1PPS                                         (abs)        000EEB
_RB2PPS                                         (abs)        000EEC
_RC1PPS                                         (abs)        000EF3
_RC1REG                                         (abs)        000F98
_RC1STA                                         (abs)        000F9C
_RC1STAbits                                     (abs)        000F9C
_RC2REG                                         (abs)        000E94
_RC2STA                                         (abs)        000E98
_RC2STAbits                                     (abs)        000E98
_RC3PPS                                         (abs)        000EF5
_RC6PPS                                         (abs)        000EF8
_RD0PPS                                         (abs)        000EFA
_RX1PPS                                         (abs)        000EB0
_RX2PPS                                         (abs)        000E88
_ReadPress                                      bssCOMRAM    000059
_ReadTemp                                       bssCOMRAM    000057
_SLRCONA                                        (abs)        000F09
_SLRCONB                                        (abs)        000F11
_SLRCONC                                        (abs)        000F19
_SLRCOND                                        (abs)        000F1E
_SLRCONE                                        (abs)        000F26
_SP1BRGH                                        (abs)        000F9B
_SP1BRGL                                        (abs)        000F9A
_SP2BRGH                                        (abs)        000E97
_SP2BRGL                                        (abs)        000E96
_SPI1_ExchangeByte                              text35       00263E
_SPI1_Initialize                                text19       0025E0
_SPI1_Open                                      text34       0021AE
_SSP1ADD                                        (abs)        000F92
_SSP1BUF                                        (abs)        000F91
_SSP1CLKPPS                                     (abs)        000EB2
_SSP1CON1                                       (abs)        000F95
_SSP1CON1bits                                   (abs)        000F95
_SSP1CON2                                       (abs)        000F96
_SSP1DATPPS                                     (abs)        000EB3
_SSP1STAT                                       (abs)        000F94
_SSP2ADD                                        (abs)        000E8E
_SSP2BUF                                        (abs)        000E8D
_SSP2CLKPPS                                     (abs)        000E8A
_SSP2CON1                                       (abs)        000E91
_SSP2CON1bits                                   (abs)        000E91
_SSP2CON2                                       (abs)        000E92
_SSP2CON2bits                                   (abs)        000E92
_SSP2DATPPS                                     (abs)        000E8B
_SSP2STAT                                       (abs)        000E90
_SSP2STATbits                                   (abs)        000E90
_SYSTEM_Initialize                              text17       002566
_StoreTemp                                      bssCOMRAM    000053
_T2CLKCON                                       (abs)        000FBE
_T2CON                                          (abs)        000FBC
_T2CONbits                                      (abs)        000FBC
_T2HLT                                          (abs)        000FBD
_T2HLTbits                                      (abs)        000FBD
_T2PR                                           (abs)        000FBB
_T2RST                                          (abs)        000FBF
_T2RSTbits                                      (abs)        000FBF
_T2TMR                                          (abs)        000FBA
_TMR2                                           (abs)        000FBA
_TMR2_Initialize                                text18       002604
_TRISA                                          (abs)        000F87
_TRISB                                          (abs)        000F88
_TRISC                                          (abs)        000F89
_TRISCbits                                      (abs)        000F89
_TRISD                                          (abs)        000F8A
_TRISE                                          (abs)        000F8B
_TX1REG                                         (abs)        000F99
_TX1STA                                         (abs)        000F9D
_TX1STAbits                                     (abs)        000F9D
_TX2REG                                         (abs)        000E95
_TX2STA                                         (abs)        000E99
_TX2STAbits                                     (abs)        000E99
_WPUA                                           (abs)        000F0B
_WPUB                                           (abs)        000F13
_WPUC                                           (abs)        000F1B
_WPUD                                           (abs)        000F20
_WPUE                                           (abs)        000F28
_WritePress                                     bssCOMRAM    000058
_WriteTemp                                      bssCOMRAM    000056
__HRAM                                          (abs)        000000
__H__absolute__                                 __absolute__ 000000
__Habs1                                         abs1         000000
__Hbank0                                        bank0        000000
__Hbank1                                        bank1        000000
__Hbank10                                       bank10       000000
__Hbank11                                       bank11       000000
__Hbank12                                       bank12       000000
__Hbank14                                       bank14       000000
__Hbank2                                        bank2        000000
__Hbank3                                        bank3        000000
__Hbank4                                        bank4        000000
__Hbank5                                        bank5        000000
__Hbank6                                        bank6        000000
__Hbank7                                        bank7        000000
__Hbank8                                        bank8        000000
__Hbank9                                        bank9        000000
__Hbigbss                                       bigbss       000000
__Hbigdata                                      bigdata      000000
__Hbigram                                       bigram       000000
__Hbigsfr                                       bigsfr       000000
__Hbss                                          bss          000000
__HbssBANK0                                     bssBANK0     000000
__HbssCOMRAM                                    bssCOMRAM    000000
__Hcinit                                        cinit        000000
__Hclrtext                                      clrtext      000000
__Hcomram                                       comram       000000
__Hconfig                                       config       30000C
__Hconst                                        const        000000
__HcstackCOMRAM                                 cstackCOMRAM 000000
__Hdata                                         data         000000
__HdataBANK0                                    dataBANK0    000000
__HdataCOMRAM                                   dataCOMRAM   000000
__Heeprom_data                                  eeprom_data  000000
__Hfarbss                                       farbss       000000
__Hfardata                                      fardata      000000
__Hheap                                         heap         000000
__Hibigdata                                     ibigdata     000000
__Hidata                                        idata        000000
__HidataBANK0                                   idataBANK0   000000
__HidataCOMRAM                                  idataCOMRAM  000000
__Hidloc                                        idloc        200100
__Hifardata                                     ifardata     000000
__Hinit                                         init         000004
__Hintcode                                      intcode      000000
__Hintcode_body                                 intcode_body 000000
__Hintcodelo                                    intcodelo    000000
__Hintentry                                     intentry     000000
__Hintret                                       intret       000000
__Hintsave_regs                                 intsave_regs 000000
__Hirdata                                       irdata       000000
__Hmediumconst                                  mediumconst  000000
__HnvBANK0                                      nvBANK0      000000
__HnvFARRAM                                     nvFARRAM     000000
__Hnvbit                                        nvbit        000000
__Hnvrram                                       nvrram       000000
__Hparam                                        rparam       000000
__Hpowerup                                      powerup      000000
__Hram                                          ram          000000
__Hramtop                                       ramtop       001000
__Hrbit                                         rbit         000000
__Hrbss                                         rbss         000000
__Hrdata                                        rdata        000000
__Hreset_vec                                    reset_vec    000000
__Hrparam                                       rparam       000000
__Hsfr                                          sfr          000000
__Hsmallconst                                   smallconst   001060
__Hspace_0                                      (abs)        002706
__Hspace_1                                      (abs)        0000D8
__Hspace_2                                      (abs)        000000
__Hspace_4                                      (abs)        60000C
__Hstack                                        stack        000000
__Hstruct                                       struct       000000
__Htemp                                         temp         000000
__Htext                                         text         000000
__Htext0                                        text0        000000
__Htext1                                        text1        000000
__Htext10                                       text10       000000
__Htext11                                       text11       000000
__Htext12                                       text12       000000
__Htext13                                       text13       000000
__Htext14                                       text14       000000
__Htext15                                       text15       000000
__Htext16                                       text16       000000
__Htext17                                       text17       000000
__Htext18                                       text18       000000
__Htext19                                       text19       000000
__Htext2                                        text2        000000
__Htext20                                       text20       000000
__Htext21                                       text21       000000
__Htext22                                       text22       000000
__Htext23                                       text23       000000
__Htext24                                       text24       000000
__Htext25                                       text25       000000
__Htext26                                       text26       000000
__Htext27                                       text27       000000
__Htext28                                       text28       000000
__Htext29                                       text29       000000
__Htext3                                        text3        000000
__Htext30                                       text30       000000
__Htext31                                       text31       000000
__Htext32                                       text32       000000
__Htext33                                       text33       000000
__Htext34                                       text34       000000
__Htext35                                       text35       000000
__Htext36                                       text36       000000
__Htext4                                        text4        000000
__Htext5                                        text5        000000
__Htext6                                        text6        000000
__Htext7                                        text7        000000
__Htext8                                        text8        000000
__Htext9                                        text9        000000
__LRAM                                          (abs)        000001
__L__absolute__                                 __absolute__ 000000
__Labs1                                         abs1         000000
__Lbank0                                        bank0        000000
__Lbank1                                        bank1        000000
__Lbank10                                       bank10       000000
__Lbank11                                       bank11       000000
__Lbank12                                       bank12       000000
__Lbank14                                       bank14       000000
__Lbank2                                        bank2        000000
__Lbank3                                        bank3        000000
__Lbank4                                        bank4        000000
__Lbank5                                        bank5        000000
__Lbank6                                        bank6        000000
__Lbank7                                        bank7        000000
__Lbank8                                        bank8        000000
__Lbank9                                        bank9        000000
__Lbigbss                                       bigbss       000000
__Lbigdata                                      bigdata      000000
__Lbigram                                       bigram       000000
__Lbigsfr                                       bigsfr       000000
__Lbss                                          bss          000000
__LbssBANK0                                     bssBANK0     000000
__LbssCOMRAM                                    bssCOMRAM    000000
__Lcinit                                        cinit        000000
__Lclrtext                                      clrtext      000000
__Lcomram                                       comram       000000
__Lconfig                                       config       000000
__Lconst                                        const        000000
__LcstackCOMRAM                                 cstackCOMRAM 000000
__Ldata                                         data         000000
__LdataBANK0                                    dataBANK0    000000
__LdataCOMRAM                                   dataCOMRAM   000000
__Leeprom_data                                  eeprom_data  000000
__Lfarbss                                       farbss       000000
__Lfardata                                      fardata      000000
__Lheap                                         heap         000000
__Libigdata                                     ibigdata     000000
__Lidata                                        idata        000000
__LidataBANK0                                   idataBANK0   000000
__LidataCOMRAM                                  idataCOMRAM  000000
__Lidloc                                        idloc        000000
__Lifardata                                     ifardata     000000
__Linit                                         init         000000
__Lintcode                                      intcode      000000
__Lintcode_body                                 intcode_body 000000
__Lintcodelo                                    intcodelo    000000
__Lintentry                                     intentry     000000
__Lintret                                       intret       000000
__Lintsave_regs                                 intsave_regs 000000
__Lirdata                                       irdata       000000
__Lmediumconst                                  mediumconst  000000
__LnvBANK0                                      nvBANK0      000000
__LnvFARRAM                                     nvFARRAM     000000
__Lnvbit                                        nvbit        000000
__Lnvrram                                       nvrram       000000
__Lparam                                        rparam       000000
__Lpowerup                                      powerup      000000
__Lram                                          ram          000000
__Lramtop                                       ramtop       001000
__Lrbit                                         rbit         000000
__Lrbss                                         rbss         000000
__Lrdata                                        rdata        000000
__Lreset_vec                                    reset_vec    000000
__Lrparam                                       rparam       000000
__Lsfr                                          sfr          000000
__Lsmallconst                                   smallconst   001000
__Lspace_0                                      (abs)        000000
__Lspace_1                                      (abs)        000000
__Lspace_2                                      (abs)        000000
__Lspace_4                                      (abs)        000000
__Lstack                                        stack        000000
__Lstruct                                       struct       000000
__Ltemp                                         temp         000000
__Ltext                                         text         000000
__Ltext0                                        text0        000000
__Ltext1                                        text1        000000
__Ltext10                                       text10       000000
__Ltext11                                       text11       000000
__Ltext12                                       text12       000000
__Ltext13                                       text13       000000
__Ltext14                                       text14       000000
__Ltext15                                       text15       000000
__Ltext16                                       text16       000000
__Ltext17                                       text17       000000
__Ltext18                                       text18       000000
__Ltext19                                       text19       000000
__Ltext2                                        text2        000000
__Ltext20                                       text20       000000
__Ltext21                                       text21       000000
__Ltext22                                       text22       000000
__Ltext23                                       text23       000000
__Ltext24                                       text24       000000
__Ltext25                                       text25       000000
__Ltext26                                       text26       000000
__Ltext27                                       text27       000000
__Ltext28                                       text28       000000
__Ltext29                                       text29       000000
__Ltext3                                        text3        000000
__Ltext30                                       text30       000000
__Ltext31                                       text31       000000
__Ltext32                                       text32       000000
__Ltext33                                       text33       000000
__Ltext34                                       text34       000000
__Ltext35                                       text35       000000
__Ltext36                                       text36       000000
__Ltext4                                        text4        000000
__Ltext5                                        text5        000000
__Ltext6                                        text6        000000
__Ltext7                                        text7        000000
__Ltext8                                        text8        000000
__Ltext9                                        text9        000000
__S0                                            (abs)        002706
__S1                                            (abs)        0000D8
__S4                                            (abs)        000000
__S5                                            (abs)        000000
___awdiv                                        text13       001F8A
___awdiv@counter                                cstackCOMRAM 000005
___awdiv@dividend                               cstackCOMRAM 000001
___awdiv@divisor                                cstackCOMRAM 000003
___awdiv@quotient                               cstackCOMRAM 000007
___awdiv@sign                                   cstackCOMRAM 000006
___awmod                                        text12       00204E
___awmod@counter                                cstackCOMRAM 000005
___awmod@dividend                               cstackCOMRAM 000001
___awmod@divisor                                cstackCOMRAM 000003
___awmod@sign                                   cstackCOMRAM 000006
___fladd                                        text16       001060
___fladd@a                                      cstackCOMRAM 000005
___fladd@aexp                                   cstackCOMRAM 00000E
___fladd@b                                      cstackCOMRAM 000001
___fladd@bexp                                   cstackCOMRAM 00000F
___fladd@grs                                    cstackCOMRAM 000010
___fladd@signs                                  cstackCOMRAM 00000D
___flmul                                        text2        001520
___flmul@a                                      cstackCOMRAM 000005
___flmul@aexp                                   cstackCOMRAM 000012
___flmul@b                                      cstackCOMRAM 000001
___flmul@bexp                                   cstackCOMRAM 000013
___flmul@grs                                    cstackCOMRAM 00000E
___flmul@prod                                   cstackCOMRAM 000014
___flmul@sign                                   cstackCOMRAM 00000D
___flmul@temp                                   cstackCOMRAM 000018
___flsub                                        text15       002466
___flsub@a                                      cstackCOMRAM 000015
___flsub@b                                      cstackCOMRAM 000011
___heap_hi                                      (abs)        000000
___heap_lo                                      (abs)        000000
___inthi_sp                                     stack        000000
___intlo_sp                                     stack        000000
___param_bank                                   (abs)        000000
___rparam_used                                  (abs)        000001
___sp                                           stack        000000
___xxtofl                                       text14       00194A
___xxtofl@arg                                   cstackCOMRAM 00000B
___xxtofl@exp                                   cstackCOMRAM 00000A
___xxtofl@sign                                  cstackCOMRAM 000009
___xxtofl@val                                   cstackCOMRAM 000001
__accesstop                                     (abs)        000060
__activetblptr                                  (abs)        000003
__end_of_ADCC_Initialize                        text33       0023D0
__end_of_EUSART1_Initialize                     text29       002466
__end_of_EUSART1_SetErrorHandler                text32       002702
__end_of_EUSART1_SetFramingErrorHandler         text31       0026F4
__end_of_EUSART1_SetOverrunErrorHandler         text30       0026E6
__end_of_EUSART2_Initialize                     text25       00241C
__end_of_EUSART2_SetErrorHandler                text28       0026D8
__end_of_EUSART2_SetFramingErrorHandler         text27       0026CA
__end_of_EUSART2_SetOverrunErrorHandler         text26       0026BC
__end_of_EUSART2_is_tx_ready                    text36       0025BA
__end_of_I2C2_Initialize                        text24       00269E
__end_of_OSCILLATOR_Initialize                  text23       002672
__end_of_PIN_MANAGER_Initialize                 text22       0021AE
__end_of_PMD_Initialize                         text21       00263E
__end_of_PWM3_Initialize                        text20       002688
__end_of_SPI1_ExchangeByte                      text35       00265A
__end_of_SPI1_Initialize                        text19       002604
__end_of_SPI1_Open                              text34       00225E
__end_of_SYSTEM_Initialize                      text17       002590
__end_of_TMR2_Initialize                        text18       002622
__end_of___awdiv                                text13       00204E
__end_of___awmod                                text12       0020FE
__end_of___fladd                                text16       001520
__end_of___flmul                                text2        00194A
__end_of___flsub                                text15       0024AC
__end_of___xxtofl                               text14       001AFE
__end_of__initialization                        cinit        002328
__end_of_abs                                    text11       002530
__end_of_dtoa                                   text6        001C92
__end_of_fputc                                  text9        001F8A
__end_of_fputs                                  text8        0024F0
__end_of_i2c2_fsmStateTable                     smallconst   001031
__end_of_main                                   text0        001EC0
__end_of_pad                                    text7        0022D8
__end_of_printf                                 text3        0025E0
__end_of_putch                                  text10       002706
__end_of_spi1_configuration                     smallconst   001035
__end_of_updatePID                              text1        002566
__end_of_vfpfcnvrt                              text5        001DC4
__end_of_vfprintf                               text4        002380
__initialization                                cinit        0022D8
__mediumconst                                   mediumconst  000000
__pbssBANK0                                     bssBANK0     000060
__pbssCOMRAM                                    bssCOMRAM    000049
__pcinit                                        cinit        0022D8
__pcstackCOMRAM                                 cstackCOMRAM 000001
__pdataBANK0                                    dataBANK0    0000C8
__pdataCOMRAM                                   dataCOMRAM   00005D
__pidataBANK0                                   idataBANK0   00269E
__pidataCOMRAM                                  idataCOMRAM  002702
__pnvBANK0                                      nvBANK0      0000B6
__psmallconst                                   smallconst   001000
__ptext0                                        text0        001DC4
__ptext1                                        text1        002530
__ptext10                                       text10       002704
__ptext11                                       text11       0024F0
__ptext12                                       text12       00204E
__ptext13                                       text13       001F8A
__ptext14                                       text14       00194A
__ptext15                                       text15       002466
__ptext16                                       text16       001060
__ptext17                                       text17       002566
__ptext18                                       text18       002604
__ptext19                                       text19       0025E0
__ptext2                                        text2        001520
__ptext20                                       text20       002672
__ptext21                                       text21       002622
__ptext22                                       text22       0020FE
__ptext23                                       text23       00265A
__ptext24                                       text24       002688
__ptext25                                       text25       0023D0
__ptext26                                       text26       0026AE
__ptext27                                       text27       0026BC
__ptext28                                       text28       0026CA
__ptext29                                       text29       00241C
__ptext3                                        text3        0025BA
__ptext30                                       text30       0026D8
__ptext31                                       text31       0026E6
__ptext32                                       text32       0026F4
__ptext33                                       text33       002380
__ptext34                                       text34       0021AE
__ptext35                                       text35       00263E
__ptext36                                       text36       002590
__ptext4                                        text4        00232E
__ptext5                                        text5        001C92
__ptext6                                        text6        001AFE
__ptext7                                        text7        00225E
__ptext8                                        text8        0024AC
__ptext9                                        text9        001EC0
__ramtop                                        ramtop       001000
__smallconst                                    smallconst   001000
_abs                                            text11       0024F0
_adcVoltage                                     bssBANK0     00008A
_conversionResult                               bssCOMRAM    000051
_convertedValue                                 bssBANK0     00008E
_data                                           bssCOMRAM    00005A
_dbuf                                           bssBANK0     000096
_dir1                                           dataCOMRAM   00005E
_dir2                                           dataCOMRAM   00005D
_dtoa                                           text6        001AFE
_dtoa$2760                                      cstackCOMRAM 000020
_error                                          bssCOMRAM    000049
_eusart1RxLastError                             bssCOMRAM    00005C
_eusart2RxLastError                             bssCOMRAM    00005B
_flags                                          bssCOMRAM    000055
_fputc                                          text9        001EC0
_fputs                                          text8        0024AC
_i2c2_fsmStateTable                             smallconst   001001
_main                                           text0        001DC4
_pad                                            text7        00225E
_pidOutput                                      bssBANK0     000092
_prec                                           bssCOMRAM    00004F
_printf                                         text3        0025BA
_putch                                          text10       002704
_rd1RegCompleteHandler                          (abs)        000000
_rd2RegCompleteHandler                          (abs)        000000
_rdBlkRegCompleteHandler                        (abs)        000000
_spi1_configuration                             smallconst   001031
_updatePID                                      text1        002530
_vfpfcnvrt                                      text5        001C92
_vfprintf                                       text4        00232E
_width                                          bssCOMRAM    00004D
_wr1RegCompleteHandler                          (abs)        000000
_wr2RegCompleteHandler                          (abs)        000000
abs@a                                           cstackCOMRAM 000007
dtoa@d                                          cstackCOMRAM 00001E
dtoa@fp                                         cstackCOMRAM 00001C
dtoa@i                                          cstackCOMRAM 000026
dtoa@p                                          cstackCOMRAM 000022
dtoa@s                                          cstackCOMRAM 000028
dtoa@w                                          cstackCOMRAM 000024
end_of_initialization                           cinit        002328
fputc@c                                         cstackCOMRAM 000001
fputc@fp                                        cstackCOMRAM 000003
fputs@c                                         cstackCOMRAM 00000E
fputs@fp                                        cstackCOMRAM 00000C
fputs@i                                         cstackCOMRAM 00000F
fputs@s                                         cstackCOMRAM 00000A
intlevel0                                       text         000000
intlevel1                                       text         000000
intlevel2                                       text         000000
intlevel3                                       text         000000
isa$std                                         (abs)        000001
isa$xinst                                       (abs)        000000
pad@buf                                         cstackCOMRAM 000013
pad@fp                                          cstackCOMRAM 000011
pad@i                                           cstackCOMRAM 000018
pad@p                                           cstackCOMRAM 000015
pad@w                                           cstackCOMRAM 00001A
printf@ap                                       cstackCOMRAM 000045
printf@fmt                                      cstackCOMRAM 00003F
stackhi                                         (abs)        000000
stacklo                                         (abs)        000000
start                                           init         000000
start_initialization                            cinit        0022D8
vfpfcnvrt@ap                                    cstackCOMRAM 00002D
vfpfcnvrt@convarg                               cstackCOMRAM 000031
vfpfcnvrt@cp                                    cstackCOMRAM 000035
vfpfcnvrt@fmt                                   cstackCOMRAM 00002B
vfpfcnvrt@fp                                    cstackCOMRAM 000029
vfprintf@ap                                     cstackCOMRAM 00003B
vfprintf@cfmt                                   cstackCOMRAM 00003D
vfprintf@fmt                                    cstackCOMRAM 000039
vfprintf@fp                                     cstackCOMRAM 000037


MODULE INFORMATION

Module		Function		Class		Link	Load	Size
C:\Program Files\Microchip\MPLABX\pic\sources\c99\common\doprnt.c
		_vfpfcnvrt     		CODE           	1C92	0000	306
		_pad           		CODE           	225E	0000	122
		_dtoa          		CODE           	1AFE	0000	404
		_vfprintf      		CODE           	232E	0000	82

C:\Program Files\Microchip\MPLABX\pic\sources\c99\common\doprnt.c estimated size: 914

mcc_generated_files/eusart2.c
		_EUSART2_SetOverrunErrorHandler		CODE           	26AE	0000	14
		_EUSART2_SetErrorHandler		CODE           	26CA	0000	14
		_EUSART2_is_tx_ready		CODE           	2590	0000	42
		_EUSART2_Initialize		CODE           	23D0	0000	76
		_EUSART2_SetFramingErrorHandler		CODE           	26BC	0000	14

mcc_generated_files/eusart2.c estimated size: 160

C:\Program Files\Microchip\MPLABX\pic\sources\c99\common\awdiv.c
		___awdiv       		CODE           	1F8A	0000	196

C:\Program Files\Microchip\MPLABX\pic\sources\c99\common\awdiv.c estimated size: 196

mcc_generated_files/tmr2.c
		_TMR2_Initialize		CODE           	2604	0000	30

mcc_generated_files/tmr2.c estimated size: 30

C:\Program Files\Microchip\MPLABX\pic\sources\c99\common\nf_fputs.c
		_fputs         		CODE           	24AC	0000	68

C:\Program Files\Microchip\MPLABX\pic\sources\c99\common\nf_fputs.c estimated size: 68

C:\Program Files\Microchip\MPLABX\pic\sources\c99\common\sprcmul.c
		___flmul       		CODE           	1520	0000	1066

C:\Program Files\Microchip\MPLABX\pic\sources\c99\common\sprcmul.c estimated size: 1066

mcc_generated_files/pin_manager.c
		_PIN_MANAGER_Initialize		CODE           	20FE	0000	176

mcc_generated_files/pin_manager.c estimated size: 176

mcc_generated_files/spi1.c
		_SPI1_Open     		CODE           	21AE	0000	176
		_SPI1_Initialize		CODE           	25E0	0000	36
		_SPI1_ExchangeByte		CODE           	263E	0000	28

mcc_generated_files/spi1.c estimated size: 240

C:\Program Files\Microchip\MPLABX\pic\sources\c99\common\printf.c
		_printf        		CODE           	25BA	0000	38

C:\Program Files\Microchip\MPLABX\pic\sources\c99\common\printf.c estimated size: 38

mcc_generated_files/i2c2_master.c
		_I2C2_Initialize		CODE           	2688	0000	22

mcc_generated_files/i2c2_master.c estimated size: 22

C:\Program Files\Microchip\MPLABX\pic\sources\c99\common\putch.c
		_putch         		CODE           	2704	0000	2

C:\Program Files\Microchip\MPLABX\pic\sources\c99\common\putch.c estimated size: 2

shared
		__initialization		CODE           	22D8	0000	80
		_i2c2_fsmStateTable		SMALLCONST     	1001	0000	48
		_spi1_configuration		SMALLCONST     	1031	0000	4

shared estimated size: 132

mcc_generated_files/eusart1.c
		_EUSART1_Initialize		CODE           	241C	0000	74
		_EUSART1_SetFramingErrorHandler		CODE           	26E6	0000	14
		_EUSART1_SetOverrunErrorHandler		CODE           	26D8	0000	14
		_EUSART1_SetErrorHandler		CODE           	26F4	0000	14

mcc_generated_files/eusart1.c estimated size: 116

mcc_generated_files/mcc.c
		_PMD_Initialize		CODE           	2622	0000	28
		_OSCILLATOR_Initialize		CODE           	265A	0000	24
		_SYSTEM_Initialize		CODE           	2566	0000	42

mcc_generated_files/mcc.c estimated size: 94

C:\Program Files\Microchip\MPLABX\pic\sources\c99\common\sprcadd.c
		___flsub       		CODE           	2466	0000	70
		___fladd       		CODE           	1060	0000	1216

C:\Program Files\Microchip\MPLABX\pic\sources\c99\common\sprcadd.c estimated size: 1286

mcc_generated_files/pwm3.c
		_PWM3_Initialize		CODE           	2672	0000	22

mcc_generated_files/pwm3.c estimated size: 22

C:\Program Files\Microchip\MPLABX\pic\sources\c99\common\nf_fputc.c
		_fputc         		CODE           	1EC0	0000	202

C:\Program Files\Microchip\MPLABX\pic\sources\c99\common\nf_fputc.c estimated size: 202

C:\Program Files\Microchip\MPLABX\pic\sources\c99\common\xxtofl.c
		___xxtofl      		CODE           	194A	0000	436

C:\Program Files\Microchip\MPLABX\pic\sources\c99\common\xxtofl.c estimated size: 436

C:\Program Files\Microchip\MPLABX\pic\sources\c99\common\awmod.c
		___awmod       		CODE           	204E	0000	176

C:\Program Files\Microchip\MPLABX\pic\sources\c99\common\awmod.c estimated size: 176

mcc_generated_files/adcc.c
		_ADCC_Initialize		CODE           	2380	0000	80

mcc_generated_files/adcc.c estimated size: 80

main.c
		_updatePID     		CODE           	2530	0000	54
		_main          		CODE           	1DC4	0000	252

main.c estimated size: 306

C:\Program Files\Microchip\MPLABX\pic\sources\c99\common\abs.c
		_abs           		CODE           	24F0	0000	64

C:\Program Files\Microchip\MPLABX\pic\sources\c99\common\abs.c estimated size: 64

